MPLINK 5.09, LINKER
Linker Map File - Created Wed Dec 21 15:23:03 2022

                                 Section Info
                  Section       Type    Address   Location Size(Bytes)
                ---------  ---------  ---------  ---------  ---------
                   .org_0       code   0x000000    program   0x000082
                   .cinit    romdata   0x000041    program   0x000004
.config_2007_BUILD/DEFAULT/DEBUG/MAINPINES.O       code   0x002007    program   0x000002
.config_2008_BUILD/DEFAULT/DEBUG/MAINPINES.O       code   0x002008    program   0x000002



                              Program Memory Usage 
                               Start         End      
                           ---------   ---------      
                            0x000000    0x000042      
                            0x002007    0x002008      
            69 out of 8455 program addresses used, program memory utilization is 0%



                              Symbols - Sorted by Name
                     Name    Address   Location    Storage File                     
                ---------  ---------  ---------  --------- ---------                
                   INICIO   0x000001    program     static C:\Users\camil\Downloads\ejemploensamblador\ejemploensamblador\ejemplo1.X\mainpines.asm
                     LOOP   0x00000e    program     static C:\Users\camil\Downloads\ejemploensamblador\ejemploensamblador\ejemplo1.X\mainpines.asm
                    REP_1   0x00003a    program     static C:\Users\camil\Downloads\ejemploensamblador\ejemploensamblador\ejemplo1.X\mainpines.asm
                    REP_2   0x00003c    program     static C:\Users\camil\Downloads\ejemploensamblador\ejemploensamblador\ejemplo1.X\mainpines.asm
                  RETARDO   0x000038    program     static C:\Users\camil\Downloads\ejemploensamblador\ejemploensamblador\ejemplo1.X\mainpines.asm
               SECUENCIA1   0x000010    program     static C:\Users\camil\Downloads\ejemploensamblador\ejemploensamblador\ejemplo1.X\mainpines.asm
               SECUENCIA2   0x000016    program     static C:\Users\camil\Downloads\ejemploensamblador\ejemploensamblador\ejemplo1.X\mainpines.asm
               SECUENCIA4   0x00001e    program     static C:\Users\camil\Downloads\ejemploensamblador\ejemploensamblador\ejemplo1.X\mainpines.asm
               SECUENCIA8   0x000026    program     static C:\Users\camil\Downloads\ejemploensamblador\ejemploensamblador\ejemplo1.X\mainpines.asm
          SEVENSEG_LOOKUP   0x00002e    program     static C:\Users\camil\Downloads\ejemploensamblador\ejemploensamblador\ejemplo1.X\mainpines.asm



                              Symbols - Sorted by Address
                     Name    Address   Location    Storage File                     
                ---------  ---------  ---------  --------- ---------                
                   INICIO   0x000001    program     static C:\Users\camil\Downloads\ejemploensamblador\ejemploensamblador\ejemplo1.X\mainpines.asm
                     LOOP   0x00000e    program     static C:\Users\camil\Downloads\ejemploensamblador\ejemploensamblador\ejemplo1.X\mainpines.asm
               SECUENCIA1   0x000010    program     static C:\Users\camil\Downloads\ejemploensamblador\ejemploensamblador\ejemplo1.X\mainpines.asm
               SECUENCIA2   0x000016    program     static C:\Users\camil\Downloads\ejemploensamblador\ejemploensamblador\ejemplo1.X\mainpines.asm
               SECUENCIA4   0x00001e    program     static C:\Users\camil\Downloads\ejemploensamblador\ejemploensamblador\ejemplo1.X\mainpines.asm
               SECUENCIA8   0x000026    program     static C:\Users\camil\Downloads\ejemploensamblador\ejemploensamblador\ejemplo1.X\mainpines.asm
          SEVENSEG_LOOKUP   0x00002e    program     static C:\Users\camil\Downloads\ejemploensamblador\ejemploensamblador\ejemplo1.X\mainpines.asm
                  RETARDO   0x000038    program     static C:\Users\camil\Downloads\ejemploensamblador\ejemploensamblador\ejemplo1.X\mainpines.asm
                    REP_1   0x00003a    program     static C:\Users\camil\Downloads\ejemploensamblador\ejemploensamblador\ejemplo1.X\mainpines.asm
                    REP_2   0x00003c    program     static C:\Users\camil\Downloads\ejemploensamblador\ejemploensamblador\ejemplo1.X\mainpines.asm


