MPLINK 5.09, LINKER
Linker Map File - Created Thu Dec 01 10:52:40 2022

                                 Section Info
                  Section       Type    Address   Location Size(Bytes)
                ---------  ---------  ---------  ---------  ---------
                   .org_0       code   0x000000    program   0x000034
                   .cinit    romdata   0x00001a    program   0x000004
.config_2007_BUILD/DEFAULT/PRODUCTION/MAINPIN       code   0x002007    program   0x000002
.config_2008_BUILD/DEFAULT/PRODUCTION/MAINPIN       code   0x002008    program   0x000002



                              Program Memory Usage 
                               Start         End      
                           ---------   ---------      
                            0x000000    0x00001b      
                            0x002007    0x002008      
            30 out of 8455 program addresses used, program memory utilization is 0%



                              Symbols - Sorted by Name
                     Name    Address   Location    Storage File                     
                ---------  ---------  ---------  --------- ---------                
                   INICIO   0x000001    program     static C:\Users\Logicos\Desktop\ejemploensamblador\ejemplo1.X\mainpines.asm
                     LOOP   0x00000e    program     static C:\Users\Logicos\Desktop\ejemploensamblador\ejemplo1.X\mainpines.asm
                    REP_1   0x000013    program     static C:\Users\Logicos\Desktop\ejemploensamblador\ejemplo1.X\mainpines.asm
                    REP_2   0x000015    program     static C:\Users\Logicos\Desktop\ejemploensamblador\ejemplo1.X\mainpines.asm
                  RETARDO   0x000011    program     static C:\Users\Logicos\Desktop\ejemploensamblador\ejemplo1.X\mainpines.asm



                              Symbols - Sorted by Address
                     Name    Address   Location    Storage File                     
                ---------  ---------  ---------  --------- ---------                
                   INICIO   0x000001    program     static C:\Users\Logicos\Desktop\ejemploensamblador\ejemplo1.X\mainpines.asm
                     LOOP   0x00000e    program     static C:\Users\Logicos\Desktop\ejemploensamblador\ejemplo1.X\mainpines.asm
                  RETARDO   0x000011    program     static C:\Users\Logicos\Desktop\ejemploensamblador\ejemplo1.X\mainpines.asm
                    REP_1   0x000013    program     static C:\Users\Logicos\Desktop\ejemploensamblador\ejemplo1.X\mainpines.asm
                    REP_2   0x000015    program     static C:\Users\Logicos\Desktop\ejemploensamblador\ejemplo1.X\mainpines.asm


